Microchip MPLAB XC8 Compiler V2.00 ()

Linker command line:

-W-3 --edf=C:\Program Files (x86)\Microchip\xc8\v2.00\pic\dat\en_msgs.txt \
  -cs -h+dist/default/production\dispLCD4vias.X.production.sym \
  --cmf=dist/default/production\dispLCD4vias.X.production.cmf -z -Q16F887 \
  -oC:\Users\21192694\AppData\Local\Temp\s7ko.2 \
  -Mdist/default/production/dispLCD4vias.X.production.map -E1 -ver=XC8 \
  --acfsm=1493 -ASTACK=0110h-016fh -pstack=STACK -ACODE=00h-07FFhx4 \
  -ASTRCODE=00h-01FFFh -ASTRING=00h-0FFhx32 -ACONST=00h-0FFhx32 \
  -AENTRY=00h-0FFhx32 -ACOMMON=070h-07Fh -ABANK0=020h-06Fh \
  -ABANK1=0A0h-0EFh -ABANK2=0110h-016Fh -ABANK3=0190h-01EFh \
  -ARAM=020h-06Fh,0A0h-0EFh,0110h-016Fh,0190h-01EFh \
  -AABS1=020h-07Fh,0A0h-0EFh,0110h-016Fh,0190h-01EFh -ASFR0=00h-01Fh \
  -ASFR1=080h-09Fh -ASFR2=0100h-010Fh -ASFR3=0180h-018Fh \
  -preset_vec=00h,intentry,init,end_init -ppowerup=CODE -pcinit=CODE \
  -pfunctab=ENTRY -ACONFIG=02007h-02008h -pconfig=CONFIG -DCONFIG=2 \
  -AIDLOC=02000h-02003h -pidloc=IDLOC -DIDLOC=2 -AEEDATA=00h-0FFh/02100h \
  -peeprom_data=EEDATA -DEEDATA=2 -DCODE=2 -DSTRCODE=2 -DSTRING=2 -DCONST=2 \
  -DENTRY=2 -k C:\Users\21192694\AppData\Local\Temp\s7ko.o \
  dist/default/production\dispLCD4vias.X.production.o 

Object code version is 3.11

Machine type is 16F887



                Name                               Link     Load   Length Selector   Space Scale
C:\Users\21192694\AppData\Local\Temp\s7ko.o
                end_init                              0        0        3        0       0
                config                             2007     2007        2     400E       0
dist/default/production\dispLCD4vias.X.production.o
                cinit                               7FC      7FC        4      FF8       0
                text10                              39C      39C       17      738       0
                text9                               3D7      3D7       2F      7AE       0
                text8                               50D      50D       80      A1A       0
                text7                               389      389       13      712       0
                text6                               406      406       33      80C       0
                text5                               382      382        7      704       0
                text4                               3B3      3B3       24      766       0
                text3                               49C      49C       71      938       0
                text2                               439      439       63      872       0
                text1                               58D      58D       EA      B1A       0
                maintext                            677      677      185      CEE       0
                cstackBANK0                          20       20       12       20       1
                cstackCOMMON                         70       70        D       70       1
                strings                               3        3       B0        6       0

TOTAL           Name                               Link     Load   Length     Space
        CLASS   STACK          

        CLASS   CODE           
                end_init                              0        0        3         0
                cinit                               7FC      7FC        4         0
                text10                              39C      39C       17         0
                text9                               3D7      3D7       2F         0
                text8                               50D      50D       80         0
                text7                               389      389       13         0
                text6                               406      406       33         0
                text5                               382      382        7         0
                text4                               3B3      3B3       24         0
                text3                               49C      49C       71         0
                text2                               439      439       63         0
                text1                               58D      58D       EA         0
                maintext                            677      677      185         0

        CLASS   STRCODE        

        CLASS   STRING         
                strings                               3        3       B0         0

        CLASS   CONST          

        CLASS   ENTRY          

        CLASS   COMMON         
                cstackCOMMON                         70       70        D         1

        CLASS   BANK0          
                cstackBANK0                          20       20       12         1

        CLASS   BANK1          

        CLASS   BANK2          

        CLASS   BANK3          

        CLASS   RAM            

        CLASS   ABS1           
                abs_s1                               7E       7E        2         1

        CLASS   SFR0           

        CLASS   SFR1           

        CLASS   SFR2           

        CLASS   SFR3           

        CLASS   CONFIG         
                config                             2007     2007        2         0

        CLASS   IDLOC          

        CLASS   EEDATA         



SEGMENTS        Name                           Load    Length   Top    Selector   Space  Class     Delta

                reset_vec                      000000  000003  000003         0       0  CODE        2
                strings                        000003  0000B0  0000B3         6       0  STRING      2
                cstackBANK0                    000020  000012  000032        20       1  BANK0       1
                cstackCOMMON                   000070  00000D  00007D        70       1  COMMON      1
                text5                          000382  000007  000389       704       0  CODE        2
                text7                          000389  000013  00039C       712       0  CODE        2
                text10                         00039C  000017  0003B3       738       0  CODE        2
                text4                          0003B3  000024  0003D7       766       0  CODE        2
                text9                          0003D7  00002F  000406       7AE       0  CODE        2
                text6                          000406  000033  000439       80C       0  CODE        2
                text2                          000439  000063  00049C       872       0  CODE        2
                text3                          00049C  000071  00050D       938       0  CODE        2
                text8                          00050D  000080  00058D       A1A       0  CODE        2
                text1                          00058D  0000EA  000677       B1A       0  CODE        2
                maintext                       000677  000185  0007FC       CEE       0  CODE        2
                cinit                          0007FC  000004  000800       FF8       0  CODE        2
                config                         002007  000002  002009      400E       0  CONFIG      2


UNUSED ADDRESS RANGES

        Name                Unused          Largest block    Delta
        BANK0            0032-006F             3E           1
        BANK1            00A0-00EF             50           1
        BANK2            0110-016F             60           1
        BANK3            0190-01EF             60           1
        CODE             00B3-0381            2CF           2
                         0800-1FFF            800
        COMMON           007D-007D              1           1
        CONST            00B3-0381            100           2
                         0800-1FFF            100
        EEDATA           2100-21FF            100           2
        ENTRY            00B3-0381            100           2
                         0800-1FFF            100
        IDLOC            2000-2003              4           2
        RAM              0032-006F             3E           1
                         00A0-00EF             50
                         0110-016F             60
                         0190-01EF             60
        SFR0             0000-001F             20           1
        SFR1             0080-009F             20           1
        SFR2             0100-010F             10           1
        SFR3             0180-018F             10           1
        STACK            0110-016F             60           1
        STRCODE          00B3-0381            2CF           2
                         0800-1FFF           1800
        STRING           00B3-0381            100           2
                         0800-1FFF            100

                                  Symbol Table

?___awdiv                 cstackCOMMON 0070
?___awmod                 cstackCOMMON 0070
_LCDbits                  (abs)        0008
_TRISDbits                (abs)        0088
__CFG_BOR4V$BOR40V        (abs)        0000
__CFG_BOREN$OFF           (abs)        0000
__CFG_CP$OFF              (abs)        0000
__CFG_CPD$OFF             (abs)        0000
__CFG_FCMEN$OFF           (abs)        0000
__CFG_FOSC$INTRC_NOCLKOUT (abs)        0000
__CFG_IESO$OFF            (abs)        0000
__CFG_LVP$OFF             (abs)        0000
__CFG_MCLRE$OFF           (abs)        0000
__CFG_PWRTE$OFF           (abs)        0000
__CFG_WDTE$OFF            (abs)        0000
__CFG_WRT$OFF             (abs)        0000
__Habs1                   abs1         0000
__Hbank0                  bank0        0000
__Hbank1                  bank1        0000
__Hbank2                  bank2        0000
__Hbank3                  bank3        0000
__Hcinit                  cinit        0800
__Hclrtext                clrtext      0000
__Hcode                   code         0000
__Hcommon                 common       0000
__Hconfig                 config       2009
__HcstackBANK0            cstackBANK0  0000
__HcstackCOMMON           cstackCOMMON 0000
__Heeprom_data            eeprom_data  0000
__Hend_init               end_init     0003
__Hfunctab                functab      0000
__Hidloc                  idloc        0000
__Hinit                   init         0000
__Hintentry               intentry     0000
__Hmaintext               maintext     0000
__Hpowerup                powerup      0000
__Hram                    ram          0000
__Hreset_vec              reset_vec    0000
__Hsfr0                   sfr0         0000
__Hsfr1                   sfr1         0000
__Hsfr2                   sfr2         0000
__Hsfr3                   sfr3         0000
__Hspace_0                (abs)        2009
__Hspace_1                (abs)        007D
__Hspace_2                (abs)        0000
__Hspace_3                (abs)        0000
__Hstack                  stack        0000
__Hstrings                strings      0000
__Htext                   text         0000
__Labs1                   abs1         0000
__Lbank0                  bank0        0000
__Lbank1                  bank1        0000
__Lbank2                  bank2        0000
__Lbank3                  bank3        0000
__Lcinit                  cinit        07FC
__Lclrtext                clrtext      0000
__Lcode                   code         0000
__Lcommon                 common       0000
__Lconfig                 config       2007
__LcstackBANK0            cstackBANK0  0000
__LcstackCOMMON           cstackCOMMON 0000
__Leeprom_data            eeprom_data  0000
__Lend_init               end_init     0000
__Lfunctab                functab      0000
__Lidloc                  idloc        0000
__Linit                   init         0000
__Lintentry               intentry     0000
__Lmaintext               maintext     0000
__Lpowerup                powerup      0000
__Lram                    ram          0000
__Lreset_vec              reset_vec    0000
__Lsfr0                   sfr0         0000
__Lsfr1                   sfr1         0000
__Lsfr2                   sfr2         0000
__Lsfr3                   sfr3         0000
__Lspace_0                (abs)        0000
__Lspace_1                (abs)        0000
__Lspace_2                (abs)        0000
__Lspace_3                (abs)        0000
__Lstack                  stack        0000
__Lstrings                strings      0000
__Ltext                   text         0000
__S0                      (abs)        2009
__S1                      (abs)        007D
__S2                      (abs)        0000
__S3                      (abs)        0000
___awdiv                  text3        049C
___awdiv@counter          cstackCOMMON 0075
___awdiv@dividend         cstackCOMMON 0072
___awdiv@divisor          cstackCOMMON 0070
___awdiv@quotient         cstackCOMMON 0077
___awdiv@sign             cstackCOMMON 0076
___awmod                  text2        0439
___awmod@counter          cstackCOMMON 0075
___awmod@dividend         cstackCOMMON 0072
___awmod@divisor          cstackCOMMON 0070
___awmod@sign             cstackCOMMON 0076
___int_sp                 stack        0000
___latbits                (abs)        0002
___sp                     stack        0000
__end_of___awdiv          text3        050D
__end_of___awmod          text2        049C
__end_of__initialization  cinit        07FC
__end_of__stringtab       strings      0009
__end_of_delay            text10       03B3
__end_of_dispLCD          text6        0439
__end_of_dispLCD_clr      text5        0389
__end_of_dispLCD_dataReg  text9        0406
__end_of_dispLCD_init     text4        03D7
__end_of_dispLCD_instReg  text8        058D
__end_of_dispLCD_lincol   text7        039C
__end_of_dispLCD_num      text1        0677
__end_of_main             maintext     07FC
__initialization          cinit        07FC
__pcstackBANK0            cstackBANK0  0020
__pcstackCOMMON           cstackCOMMON 0070
__pmaintext               maintext     0677
__pstrings                strings      0003
__ptext0                  text0        0000
__ptext1                  text1        058D
__ptext10                 text10       039C
__ptext2                  text2        0439
__ptext3                  text3        049C
__ptext4                  text4        03B3
__ptext5                  text5        0382
__ptext6                  text6        0406
__ptext7                  text7        0389
__ptext8                  text8        050D
__ptext9                  text9        03D7
__size_of___awdiv         (abs)        0000
__size_of___awmod         (abs)        0000
__size_of_delay           (abs)        0000
__size_of_dispLCD         (abs)        0000
__size_of_dispLCD_clr     (abs)        0000
__size_of_dispLCD_dataReg (abs)        0000
__size_of_dispLCD_init    (abs)        0000
__size_of_dispLCD_instReg (abs)        0000
__size_of_dispLCD_lincol  (abs)        0000
__size_of_dispLCD_num     (abs)        0000
__size_of_main            (abs)        0000
__stringbase              strings      0008
__stringtab               strings      0003
_delay                    text10       039C
_dispLCD                  text6        0406
_dispLCD_clr              text5        0382
_dispLCD_dataReg          text9        03D7
_dispLCD_init             text4        03B3
_dispLCD_instReg          text8        050D
_dispLCD_lincol           text7        0389
_dispLCD_num              text1        058D
_main                     maintext     0677
btemp                     (abs)        007E
delay@t                   cstackCOMMON 0070
dispLCD@col               cstackCOMMON 0076
dispLCD@lin               cstackCOMMON 007A
dispLCD@pos               cstackCOMMON 0079
dispLCD@str               cstackCOMMON 0077
dispLCD_dataReg@d         cstackCOMMON 0072
dispLCD_instReg@i         cstackCOMMON 0072
dispLCD_lincol@col        cstackCOMMON 0073
dispLCD_lincol@lin        cstackCOMMON 0075
dispLCD_num@col           cstackCOMMON 0079
dispLCD_num@div           cstackBANK0  0026
dispLCD_num@lin           cstackBANK0  0023
dispLCD_num@num           cstackCOMMON 007A
dispLCD_num@sinal         cstackBANK0  0025
dispLCD_num@size          cstackBANK0  0024
dispLCD_num@tam           cstackCOMMON 007C
end_of_initialization     cinit        07FC
intlevel0                 functab      0000
intlevel1                 functab      0000
intlevel2                 functab      0000
intlevel3                 functab      0000
intlevel4                 functab      0000
intlevel5                 functab      0000
main@n                    cstackBANK0  002E
main@n_1                  cstackBANK0  002C
main@n_2                  cstackBANK0  002A
main@tela                 cstackBANK0  0030
reset_vec                 reset_vec    0000
stackhi                   (abs)        0000
stacklo                   (abs)        0000
start                     init         0000
start_initialization      cinit        07FC
wtemp0                    (abs)        007E


FUNCTION INFORMATION:

 *************** function _main *****************
 Defined at:
		line 13 in file "main.c"
 Parameters:    Size  Location     Type
		None
 Auto vars:     Size  Location     Type
  tela            2   16[BANK0 ] int 
  n               2   14[BANK0 ] int 
  n_1             2   12[BANK0 ] int 
  n_2             2   10[BANK0 ] int 
 Return value:  Size  Location     Type
                  1    wreg      void 
 Registers used:
		wreg, fsr0l, fsr0h, status,2, status,0, btemp+1, pclath, cstack
 Tracked objects:
		On entry : 
		On exit  : 
		Unchanged: 
 Data sizes:     COMMON   BANK0   BANK1   BANK3   BANK2
      Params:         0       0       0       0       0
      Locals:         0       8       0       0       0
      Temps:          0       2       0       0       0
      Totals:         0      10       0       0       0
Total ram usage:       10 bytes
 Hardware stack levels required when called:    3
 This function calls:
		_delay
		_dispLCD
		_dispLCD_clr
		_dispLCD_init
		_dispLCD_num
 This function is called by:
		Startup code after reset
 This function uses a non-reentrant model


 *************** function _dispLCD_num *****************
 Defined at:
		line 160 in file "dispLCD4vias.c"
 Parameters:    Size  Location     Type
  lin             1    wreg     unsigned char 
  col             1    9[COMMON] unsigned char 
  num             2   10[COMMON] int 
  tam             1   12[COMMON] unsigned char 
 Auto vars:     Size  Location     Type
  lin             1    3[BANK0 ] unsigned char 
  div             2    6[BANK0 ] int 
  sinal           1    5[BANK0 ] unsigned char 
  size            1    4[BANK0 ] unsigned char 
 Return value:  Size  Location     Type
                  1    wreg      void 
 Registers used:
		wreg, status,2, status,0, btemp+1, pclath, cstack
 Tracked objects:
		On entry : 
		On exit  : 
		Unchanged: 
 Data sizes:     COMMON   BANK0   BANK1   BANK3   BANK2
      Params:         4       0       0       0       0
      Locals:         0       5       0       0       0
      Temps:          0       3       0       0       0
      Totals:         4       8       0       0       0
Total ram usage:       12 bytes
 Hardware stack levels used:    1
 Hardware stack levels required when called:    2
 This function calls:
		___awdiv
		___awmod
		_dispLCD_dataReg
		_dispLCD_lincol
 This function is called by:
		_main
 This function uses a non-reentrant model


 *************** function ___awmod *****************
 Defined at:
		line 5 in file "C:\Program Files (x86)\Microchip\xc8\v2.00\pic\sources\c90\common\awmod.c"
 Parameters:    Size  Location     Type
  divisor         2    0[COMMON] int 
  dividend        2    2[COMMON] int 
 Auto vars:     Size  Location     Type
  sign            1    6[COMMON] unsigned char 
  counter         1    5[COMMON] unsigned char 
 Return value:  Size  Location     Type
                  2    0[COMMON] int 
 Registers used:
		wreg, status,2, status,0
 Tracked objects:
		On entry : 
		On exit  : 
		Unchanged: 
 Data sizes:     COMMON   BANK0   BANK1   BANK3   BANK2
      Params:         4       0       0       0       0
      Locals:         2       0       0       0       0
      Temps:          1       0       0       0       0
      Totals:         7       0       0       0       0
Total ram usage:        7 bytes
 Hardware stack levels used:    1
 This function calls:
		Nothing
 This function is called by:
		_dispLCD_num
 This function uses a non-reentrant model


 *************** function ___awdiv *****************
 Defined at:
		line 5 in file "C:\Program Files (x86)\Microchip\xc8\v2.00\pic\sources\c90\common\awdiv.c"
 Parameters:    Size  Location     Type
  divisor         2    0[COMMON] int 
  dividend        2    2[COMMON] int 
 Auto vars:     Size  Location     Type
  quotient        2    7[COMMON] int 
  sign            1    6[COMMON] unsigned char 
  counter         1    5[COMMON] unsigned char 
 Return value:  Size  Location     Type
                  2    0[COMMON] int 
 Registers used:
		wreg, status,2, status,0
 Tracked objects:
		On entry : 
		On exit  : 
		Unchanged: 
 Data sizes:     COMMON   BANK0   BANK1   BANK3   BANK2
      Params:         4       0       0       0       0
      Locals:         4       0       0       0       0
      Temps:          1       0       0       0       0
      Totals:         9       0       0       0       0
Total ram usage:        9 bytes
 Hardware stack levels used:    1
 This function calls:
		Nothing
 This function is called by:
		_dispLCD_num
 This function uses a non-reentrant model


 *************** function _dispLCD_init *****************
 Defined at:
		line 128 in file "dispLCD4vias.c"
 Parameters:    Size  Location     Type
		None
 Auto vars:     Size  Location     Type
		None
 Return value:  Size  Location     Type
                  1    wreg      void 
 Registers used:
		wreg, status,2, status,0, pclath, cstack
 Tracked objects:
		On entry : 
		On exit  : 
		Unchanged: 
 Data sizes:     COMMON   BANK0   BANK1   BANK3   BANK2
      Params:         0       0       0       0       0
      Locals:         0       0       0       0       0
      Temps:          0       0       0       0       0
      Totals:         0       0       0       0       0
Total ram usage:        0 bytes
 Hardware stack levels used:    1
 Hardware stack levels required when called:    1
 This function calls:
		_dispLCD_instReg
 This function is called by:
		_main
 This function uses a non-reentrant model


 *************** function _dispLCD_clr *****************
 Defined at:
		line 203 in file "dispLCD4vias.c"
 Parameters:    Size  Location     Type
		None
 Auto vars:     Size  Location     Type
		None
 Return value:  Size  Location     Type
                  1    wreg      void 
 Registers used:
		wreg, status,2, status,0, pclath, cstack
 Tracked objects:
		On entry : 
		On exit  : 
		Unchanged: 
 Data sizes:     COMMON   BANK0   BANK1   BANK3   BANK2
      Params:         0       0       0       0       0
      Locals:         0       0       0       0       0
      Temps:          0       0       0       0       0
      Totals:         0       0       0       0       0
Total ram usage:        0 bytes
 Hardware stack levels used:    1
 Hardware stack levels required when called:    1
 This function calls:
		_dispLCD_instReg
 This function is called by:
		_main
 This function uses a non-reentrant model


 *************** function _dispLCD *****************
 Defined at:
		line 146 in file "dispLCD4vias.c"
 Parameters:    Size  Location     Type
  lin             1    wreg     unsigned char 
  col             1    6[COMMON] unsigned char 
  str             1    7[COMMON] PTR const unsigned char 
		 -> STR_10(17), STR_9(17), STR_8(17), STR_7(17), 
		 -> STR_6(17), STR_5(17), STR_4(17), STR_3(17), 
		 -> STR_2(17), STR_1(17), 
 Auto vars:     Size  Location     Type
  lin             1   10[COMMON] unsigned char 
  pos             1    9[COMMON] unsigned char 
 Return value:  Size  Location     Type
                  1    wreg      void 
 Registers used:
		wreg, fsr0l, fsr0h, status,2, status,0, pclath, cstack
 Tracked objects:
		On entry : 
		On exit  : 
		Unchanged: 
 Data sizes:     COMMON   BANK0   BANK1   BANK3   BANK2
      Params:         2       0       0       0       0
      Locals:         2       0       0       0       0
      Temps:          1       0       0       0       0
      Totals:         5       0       0       0       0
Total ram usage:        5 bytes
 Hardware stack levels used:    1
 Hardware stack levels required when called:    2
 This function calls:
		_dispLCD_dataReg
		_dispLCD_lincol
 This function is called by:
		_main
 This function uses a non-reentrant model


 *************** function _dispLCD_lincol *****************
 Defined at:
		line 122 in file "dispLCD4vias.c"
 Parameters:    Size  Location     Type
  lin             1    wreg     unsigned char 
  col             1    3[COMMON] unsigned char 
 Auto vars:     Size  Location     Type
  lin             1    5[COMMON] unsigned char 
 Return value:  Size  Location     Type
                  1    wreg      void 
 Registers used:
		wreg, status,2, status,0, pclath, cstack
 Tracked objects:
		On entry : 
		On exit  : 
		Unchanged: 
 Data sizes:     COMMON   BANK0   BANK1   BANK3   BANK2
      Params:         1       0       0       0       0
      Locals:         1       0       0       0       0
      Temps:          1       0       0       0       0
      Totals:         3       0       0       0       0
Total ram usage:        3 bytes
 Hardware stack levels used:    1
 Hardware stack levels required when called:    1
 This function calls:
		_dispLCD_instReg
 This function is called by:
		_dispLCD
		_dispLCD_num
 This function uses a non-reentrant model


 *************** function _dispLCD_instReg *****************
 Defined at:
		line 73 in file "dispLCD4vias.c"
 Parameters:    Size  Location     Type
  i               1    wreg     unsigned char 
 Auto vars:     Size  Location     Type
  i               1    2[COMMON] unsigned char 
 Return value:  Size  Location     Type
                  1    wreg      void 
 Registers used:
		wreg, status,2, status,0
 Tracked objects:
		On entry : 
		On exit  : 
		Unchanged: 
 Data sizes:     COMMON   BANK0   BANK1   BANK3   BANK2
      Params:         0       0       0       0       0
      Locals:         1       0       0       0       0
      Temps:          2       0       0       0       0
      Totals:         3       0       0       0       0
Total ram usage:        3 bytes
 Hardware stack levels used:    1
 This function calls:
		Nothing
 This function is called by:
		_dispLCD_lincol
		_dispLCD_init
		_dispLCD_clr
 This function uses a non-reentrant model


 *************** function _dispLCD_dataReg *****************
 Defined at:
		line 106 in file "dispLCD4vias.c"
 Parameters:    Size  Location     Type
  d               1    wreg     unsigned char 
 Auto vars:     Size  Location     Type
  d               1    2[COMMON] unsigned char 
 Return value:  Size  Location     Type
                  1    wreg      void 
 Registers used:
		wreg, status,2, status,0
 Tracked objects:
		On entry : 
		On exit  : 
		Unchanged: 
 Data sizes:     COMMON   BANK0   BANK1   BANK3   BANK2
      Params:         0       0       0       0       0
      Locals:         1       0       0       0       0
      Temps:          2       0       0       0       0
      Totals:         3       0       0       0       0
Total ram usage:        3 bytes
 Hardware stack levels used:    1
 This function calls:
		Nothing
 This function is called by:
		_dispLCD
		_dispLCD_num
 This function uses a non-reentrant model


 *************** function _delay *****************
 Defined at:
		line 13 in file "delay.c"
 Parameters:    Size  Location     Type
  t               2    0[COMMON] unsigned int 
 Auto vars:     Size  Location     Type
		None
 Return value:  Size  Location     Type
                  1    wreg      void 
 Registers used:
		wreg, status,2, status,0
 Tracked objects:
		On entry : 
		On exit  : 
		Unchanged: 
 Data sizes:     COMMON   BANK0   BANK1   BANK3   BANK2
      Params:         2       0       0       0       0
      Locals:         0       0       0       0       0
      Temps:          1       0       0       0       0
      Totals:         3       0       0       0       0
Total ram usage:        3 bytes
 Hardware stack levels used:    1
 This function calls:
		Nothing
 This function is called by:
		_main
 This function uses a non-reentrant model



MODULE INFORMATION

Module		Function		Class		Link	Load	Size
delay.c
		_delay         		CODE           	039C	0000	24

delay.c estimated size: 24

C:\Program Files (x86)\Microchip\xc8\v2.00\pic\sources\c90\common\awmod.c
		___awmod       		CODE           	0439	0000	100

C:\Program Files (x86)\Microchip\xc8\v2.00\pic\sources\c90\common\awmod.c estimated size: 100

C:\Program Files (x86)\Microchip\xc8\v2.00\pic\sources\c90\common\awdiv.c
		___awdiv       		CODE           	049C	0000	114

C:\Program Files (x86)\Microchip\xc8\v2.00\pic\sources\c90\common\awdiv.c estimated size: 114

shared
		__stringtab    		STRING         	0003	0000	7
		__initialization		CODE           	07FC	0000	1

shared estimated size: 8

main.c
		_main          		CODE           	0677	0000	390

main.c estimated size: 390

dispLCD4vias.c
		_dispLCD_lincol		CODE           	0389	0000	20
		_dispLCD_dataReg		CODE           	03D7	0000	48
		_dispLCD_instReg		CODE           	050D	0000	129
		_dispLCD       		CODE           	0406	0000	52
		_dispLCD_clr   		CODE           	0382	0000	8
		_dispLCD_num   		CODE           	058D	0000	235
		_dispLCD_init  		CODE           	03B3	0000	37

dispLCD4vias.c estimated size: 529

